ethernetif.c:139:6:HAL_ETH_MspInit	64	static
ethernetif.c:204:6:HAL_ETH_MspDeInit	16	static
ethernetif.c:249:6:HAL_ETH_RxCpltCallback	16	static
ethernetif.c:268:13:low_level_init	184	static
ethernetif.c:442:14:low_level_output	80	static
ethernetif.c:488:22:low_level_input	104	static
ethernetif.c:534:6:ethernetif_input	24	static
ethernetif.c:592:7:ethernetif_init	16	static
ethernetif.c:636:6:pbuf_free_custom	24	static
ethernetif.c:651:7:sys_jiffies	8	static
ethernetif.c:662:7:sys_now	8	static
ethernetif.c:677:9:ETH_PHY_IO_Init	8	static
ethernetif.c:694:9:ETH_PHY_IO_DeInit	4	static
ethernetif.c:706:9:ETH_PHY_IO_ReadReg	24	static
ethernetif.c:723:9:ETH_PHY_IO_WriteReg	24	static
ethernetif.c:737:9:ETH_PHY_IO_GetTick	8	static
ethernetif.c:747:6:ethernet_link_thread	136	static
